// Jest Snapshot v1, https://goo.gl/fbAQLP

exports[`value 1`] = `
<input
  onChange={[Function]}
  onKeyDown={[Function]}
  onKeyUp={[Function]}
  type="text"
  value={10}
/>
`;
